Microchip MPLAB XC8 Compiler V2.35

Linker command line:

-W-3 --edf=C:\Program Files\Microchip\xc8\v2.35\pic\dat\en_msgs.txt -cn \
  -h+dist/default/production\MASTER.X.production.sym \
  --cmf=dist/default/production\MASTER.X.production.cmf -z -Q16F887 \
  -oC:\Users\javyp\AppData\Local\Temp\xcAsgqg.5 --defsym=__MPLAB_BUILD=1 \
  -Mdist/default/production/MASTER.X.production.map \
  --md=C:\Users\javyp\AppData\Local\Temp\xcBsgqg.dat -E1 -ver=XC8 Compiler \
  --acfsm=1493 -ACODE=00h-07FFhx4 -ASTRCODE=00h-01FFFh -ASTRING=00h-0FFhx32 \
  -ACONST=00h-0FFhx32 -AENTRY=00h-0FFhx32 -ACOMMON=070h-07Fh \
  -ABANK0=020h-06Fh -ABANK1=0A0h-0EFh -ABANK2=0110h-016Fh \
  -ABANK3=0190h-01EFh -ARAM=020h-06Fh,0A0h-0EFh,0110h-016Fh,0190h-01EFh \
  -AABS1=020h-07Fh,0A0h-0EFh,0110h-016Fh,0190h-01EFh -ASFR0=00h-01Fh \
  -ASFR1=080h-09Fh -ASFR2=0100h-010Fh -ASFR3=0180h-018Fh \
  -ACONFIG=02007h-02008h -DCONFIG=2 -AIDLOC=02000h-02003h -DIDLOC=2 \
  -AEEDATA=00h-0FFh/02100h -peeprom_data=EEDATA -DEEDATA=2 -DCODE=2 \
  -DSTRCODE=2 -DSTRING=2 -DCONST=2 -DENTRY=2 \
  -preset_vec=00h,intentry=04h,init,end_init -ppowerup=CODE -pcinit=CODE \
  -pfunctab=ENTRY -k C:\Users\javyp\AppData\Local\Temp\xcAsgqg.o \
  dist/default/production\MASTER.X.production.o 

Object code version is 3.11

Machine type is 16F887



                Name                               Link     Load   Length Selector   Space Scale
C:\Users\javyp\AppData\Local\Temp\xcAsgqg.o
                end_init                             10       10        3        8       0
                reset_vec                             0        0        3        0       0
                config                             2007     2007        2        0       4
                idloc                              2000     2000        4        0       5
dist/default/production\MASTER.X.production.o
                cinit                                13       13       1B        8       0
                intentry                              4        4        C        8       0
                config                             2007     2007        2        0       4
                idloc                              2000     2000        4        0       5
                text15                              D78      D78      288     1AF0       0
                text14                              972      972      1DD     12E4       0
                text13                              839      839       27     1072       0
                text12                               2E       2E      361        8       0
                text11                              8D6      8D6       9C     11AC       0
                text10                              650      650       BA        8       0
                text9                               70A      70A       B2        8       0
                text8                               38F      38F      2C1        8       0
                text7                              17DE     17DE        F     2FBC       0
                text6                               81F      81F       1A     103E       0
                text5                               7BC      7BC       2E        8       0
                text4                              17ED     17ED       13     2FDA       0
                text3                               807      807       18     100E       0
                text2                               887      887       4F     110E       0
                text1                               860      860       27     10C0       0
                maintext                            B4F      B4F      229     169E       0
                cstackBANK0                          20       20       4F       20       1
                cstackCOMMON                         70       70        E       70       1
                cstackBANK1                          B9       B9       15       A0       1
                clrtext                            17C9     17C9        8     2F92       0
                inittext                            7EA      7EA       13        8       0
                dataBANK1                            CE       CE        D       A0       1
                bssBANK1                             A0       A0       19       A0       1
                bssBANK0                             6F       6F        1       20       1
                idataBANK1                         17D1     17D1        D     2FA2       0

TOTAL           Name                               Link     Load   Length     Space
        CLASS   CODE           
                end_init                             10       10        3         0
                cinit                                13       13       1B         0
                intentry                              4        4        C         0
                reset_vec                             0        0        3         0
                text15                              D78      D78      288         0
                text14                              972      972      1DD         0
                text13                              839      839       27         0
                text12                               2E       2E      361         0
                text11                              8D6      8D6       9C         0
                text10                              650      650       BA         0
                text9                               70A      70A       B2         0
                text8                               38F      38F      2C1         0
                text7                              17DE     17DE        F         0
                text6                               81F      81F       1A         0
                text5                               7BC      7BC       2E         0
                text4                              17ED     17ED       13         0
                text3                               807      807       18         0
                text2                               887      887       4F         0
                text1                               860      860       27         0
                maintext                            B4F      B4F      229         0
                clrtext                            17C9     17C9        8         0
                inittext                            7EA      7EA       13         0
                idataBANK1                         17D1     17D1        D         0

        CLASS   STRCODE        

        CLASS   STRING         

        CLASS   CONST          

        CLASS   ENTRY          

        CLASS   COMMON         
                cstackCOMMON                         70       70        E         1

        CLASS   BANK0          
                cstackBANK0                          20       20       4F         1
                bssBANK0                             6F       6F        1         1

        CLASS   BANK1          
                cstackBANK1                          B9       B9       15         1
                dataBANK1                            CE       CE        D         1
                bssBANK1                             A0       A0       19         1

        CLASS   BANK2          

        CLASS   BANK3          

        CLASS   RAM            

        CLASS   ABS1           
                abs_s1                               7E       7E        2         1

        CLASS   SFR0           

        CLASS   SFR1           

        CLASS   SFR2           

        CLASS   SFR3           

        CLASS   CONFIG         
                config                             2007     2007        2         4

        CLASS   IDLOC          
                idloc                              2000     2000        4         5

        CLASS   EEDATA         

        CLASS   STACK          



SEGMENTS        Name                           Load    Length   Top    Selector   Space  Class     Delta

                reset_vec                      000000  000003  000003         0       0  CODE        2
                intentry                       000004  0007F9  0007FD         8       0  CODE        2
                cstackBANK0                    000020  000050  000070        20       1  BANK0       1
                cstackCOMMON                   000070  00000E  00007E        70       1  COMMON      1
                bssBANK1                       0000A0  00003B  0000DB        A0       1  BANK1       1
                text3                          000807  000018  00081F      100E       0  CODE        2
                text6                          00081F  00001A  000839      103E       0  CODE        2
                text13                         000839  000027  000860      1072       0  CODE        2
                text1                          000860  000027  000887      10C0       0  CODE        2
                text2                          000887  00004F  0008D6      110E       0  CODE        2
                text11                         0008D6  00009C  000972      11AC       0  CODE        2
                text14                         000972  0001DD  000B4F      12E4       0  CODE        2
                maintext                       000B4F  000229  000D78      169E       0  CODE        2
                text15                         000D78  000288  001000      1AF0       0  CODE        2
                clrtext                        0017C9  000008  0017D1      2F92       0  CODE        2
                idataBANK1                     0017D1  00000D  0017DE      2FA2       0  CODE        2
                text7                          0017DE  00000F  0017ED      2FBC       0  CODE        2
                text4                          0017ED  000013  001800      2FDA       0  CODE        2


UNUSED ADDRESS RANGES

        Name                Unused          Largest block    Delta
        BANK1            00DB-00EF             15           1
        BANK2            0110-016F             60           1
        BANK3            0190-01EF             60           1
        CODE             0003-0003              1           2
                         07FD-0806              3
                         1000-17C8            7C9
                         1800-1FFF            800
        CONST            0003-0003              1           2
                         07FD-0806              3
                         1000-17C8            100
                         1800-1FFF            100
        EEDATA           2100-21FF            100           2
        ENTRY            0003-0003              1           2
                         07FD-0806              3
                         1000-17C8            100
                         1800-1FFF            100
        RAM              00DB-00EF             15           1
                         0110-016F             60
                         0190-01EF             60
        SFR0             0000-001F             20           1
        SFR1             0080-009F             20           1
        SFR2             0100-010F             10           1
        SFR3             0180-018F             10           1
        STRCODE          0003-0003              1           2
                         07FD-0806              A
                         1000-17C8            7C9
                         1800-1FFF            800
        STRING           0003-0003              1           2
                         07FD-0806              3
                         1000-17C8            100
                         1800-1FFF            100

                                  Symbol Table

?__Umul8_16              cstackCOMMON 0070
?___fladd                cstackBANK0  0054
?___fldiv                cstackBANK0  0020
?___flmul                cstackBANK0  003A
?___fltol                cstackBANK0  0068
?___xxtofl               cstackCOMMON 0070
?_map                    cstackBANK1  00BE
_ADCON0bits              (abs)        001F
_ADCON1bits              (abs)        009F
_ADRESH                  (abs)        001E
_ANSEL                   (abs)        0188
_ANSELH                  (abs)        0189
_BAUDCTLbits             (abs)        0187
_CCP1CON                 (abs)        0017
_CCP1CONbits             (abs)        0017
_CCP2CON                 (abs)        001D
_CCP2CONbits             (abs)        001D
_CCPR1L                  (abs)        0015
_CCPR2L                  (abs)        001B
_CCPR_S1                 bssBANK1     00A2
_CCPR_S2                 bssBANK1     00A0
_CCPR_S3                 dataBANK1    00D9
_CCPR_S4                 dataBANK1    00D7
_EEADR                   (abs)        010D
_EECON1bits              (abs)        018C
_EECON2                  (abs)        018D
_EEDAT                   (abs)        010C
_INTCONbits              (abs)        000B
_IOCBbits                (abs)        0096
_OPTION_REGbits          (abs)        0081
_OSCCONbits              (abs)        008F
_PIE1bits                (abs)        008C
_PIR1bits                (abs)        000C
_PIR2bits                (abs)        000D
_PORTA                   (abs)        0005
_PORTB                   (abs)        0006
_PORTBbits               (abs)        0006
_PORTC                   (abs)        0007
_PORTD                   (abs)        0008
_PR2                     (abs)        0092
_RCREG                   (abs)        001A
_RCSTAbits               (abs)        0018
_SPBRG                   (abs)        0099
_SPBRGH                  (abs)        009A
_SSPBUF                  (abs)        0013
_SSPCONbits              (abs)        0014
_SSPSTATbits             (abs)        0094
_T2CONbits               (abs)        0012
_TRISA                   (abs)        0085
_TRISBbits               (abs)        0086
_TRISC                   (abs)        0087
_TRISCbits               (abs)        0087
_TRISD                   (abs)        0088
_TXREG                   (abs)        0019
_TXSTAbits               (abs)        0098
_WPUBbits                (abs)        0095
__Habs1                  abs1         0000
__Hbank0                 bank0        0000
__Hbank1                 bank1        0000
__Hbank2                 bank2        0000
__Hbank3                 bank3        0000
__HbssBANK0              bssBANK0     0000
__HbssBANK1              bssBANK1     0000
__Hcinit                 cinit        002E
__Hclrtext               clrtext      0000
__Hcode                  code         0000
__Hcommon                common       0000
__Hconfig                config       2009
__HcstackBANK0           cstackBANK0  0000
__HcstackBANK1           cstackBANK1  0000
__HcstackCOMMON          cstackCOMMON 0000
__HdataBANK1             dataBANK1    0000
__Heeprom_data           eeprom_data  0000
__Hend_init              end_init     0013
__Hfunctab               functab      0000
__HidataBANK1            idataBANK1   0000
__Hidloc                 idloc        2004
__Hinit                  init         0010
__Hinittext              inittext     0000
__Hintentry              intentry     0010
__Hmaintext              maintext     0000
__Hpowerup               powerup      0000
__Hram                   ram          0000
__Hreset_vec             reset_vec    0003
__Hsfr0                  sfr0         0000
__Hsfr1                  sfr1         0000
__Hsfr2                  sfr2         0000
__Hsfr3                  sfr3         0000
__Hspace_0               (abs)        1800
__Hspace_1               (abs)        00DB
__Hspace_2               (abs)        0000
__Hspace_3               (abs)        0000
__Hspace_4               (abs)        4010
__Hstack                 stack        0000
__Hstrings               strings      0000
__Htext                  text         0000
__Labs1                  abs1         0000
__Lbank0                 bank0        0000
__Lbank1                 bank1        0000
__Lbank2                 bank2        0000
__Lbank3                 bank3        0000
__LbssBANK0              bssBANK0     0000
__LbssBANK1              bssBANK1     0000
__Lcinit                 cinit        0013
__Lclrtext               clrtext      0000
__Lcode                  code         0000
__Lcommon                common       0000
__Lconfig                config       0000
__LcstackBANK0           cstackBANK0  0000
__LcstackBANK1           cstackBANK1  0000
__LcstackCOMMON          cstackCOMMON 0000
__LdataBANK1             dataBANK1    0000
__Leeprom_data           eeprom_data  0000
__Lend_init              end_init     0010
__Lfunctab               functab      0000
__LidataBANK1            idataBANK1   0000
__Lidloc                 idloc        0000
__Linit                  init         0010
__Linittext              inittext     0000
__Lintentry              intentry     0004
__Lmaintext              maintext     0000
__Lpowerup               powerup      0000
__Lram                   ram          0000
__Lreset_vec             reset_vec    0000
__Lsfr0                  sfr0         0000
__Lsfr1                  sfr1         0000
__Lsfr2                  sfr2         0000
__Lsfr3                  sfr3         0000
__Lspace_0               (abs)        0000
__Lspace_1               (abs)        0000
__Lspace_2               (abs)        0000
__Lspace_3               (abs)        0000
__Lspace_4               (abs)        0000
__Lstack                 stack        0000
__Lstrings               strings      0000
__Ltext                  text         0000
__S0                     (abs)        1800
__S1                     (abs)        00DB
__S3                     (abs)        0000
__Umul8_16               text13       0839
__Umul8_16@multiplicand  cstackCOMMON 0070
__Umul8_16@multiplier    cstackCOMMON 0078
__Umul8_16@product       cstackCOMMON 0074
__Umul8_16@word_mpld     cstackCOMMON 0076
___fladd                 text15       0D78
___fladd@a               cstackBANK0  0058
___fladd@aexp            cstackBANK0  0065
___fladd@b               cstackBANK0  0054
___fladd@bexp            cstackBANK0  0066
___fladd@grs             cstackBANK0  0067
___fladd@signs           cstackBANK0  0064
___fldiv                 text14       0972
___fldiv@a               cstackBANK0  0020
___fldiv@aexp            cstackBANK0  0039
___fldiv@b               cstackBANK0  0024
___fldiv@bexp            cstackBANK0  0038
___fldiv@grs             cstackBANK0  0034
___fldiv@new_exp         cstackBANK0  0032
___fldiv@rem             cstackBANK0  002D
___fldiv@sign            cstackBANK0  0031
___flmul                 text12       002E
___flmul@a               cstackBANK0  003E
___flmul@aexp            cstackBANK0  004C
___flmul@b               cstackBANK0  003A
___flmul@bexp            cstackBANK0  004D
___flmul@grs             cstackBANK0  0048
___flmul@prod            cstackBANK0  004E
___flmul@sign            cstackBANK0  0047
___flmul@temp            cstackBANK0  0052
___fltol                 text11       08D6
___fltol@exp1            cstackBANK0  006D
___fltol@f1              cstackBANK0  0068
___fltol@sign1           cstackBANK0  006C
___int_sp                stack        0000
___latbits               (abs)        0002
___sp                    stack        0000
___stackhi               (abs)        0000
___stacklo               (abs)        0000
___xxtofl                text10       0650
___xxtofl@arg            cstackCOMMON 007A
___xxtofl@exp            cstackCOMMON 0079
___xxtofl@sign           cstackCOMMON 0078
___xxtofl@val            cstackCOMMON 0070
__end_of__Umul8_16       text13       0860
__end_of___fladd         text15       1000
__end_of___fldiv         text14       0B4F
__end_of___flmul         text12       038F
__end_of___fltol         text11       0972
__end_of___xxtofl        text10       070A
__end_of__initialization cinit        002A
__end_of_isr             text8        0650
__end_of_main            maintext     0D78
__end_of_map             text9        07BC
__end_of_read_EEPROM     text7        17ED
__end_of_set_ADC         text6        0839
__end_of_set_PWM         text5        07EA
__end_of_set_SPI         text4        1800
__end_of_set_UART        text3        081F
__end_of_setup           text2        08D6
__end_of_write_EEPROM    text1        0887
__initialization         cinit        0013
__pbssBANK0              bssBANK0     006F
__pbssBANK1              bssBANK1     00A0
__pcstackBANK0           cstackBANK0  0020
__pcstackBANK1           cstackBANK1  00B9
__pcstackCOMMON          cstackCOMMON 0070
__pdataBANK1             dataBANK1    00CE
__pidataBANK1            idataBANK1   17D1
__pintentry              intentry     0004
__pmaintext              maintext     0B4F
__ptext1                 text1        0860
__ptext10                text10       0650
__ptext11                text11       08D6
__ptext12                text12       002E
__ptext13                text13       0839
__ptext14                text14       0972
__ptext15                text15       0D78
__ptext2                 text2        0887
__ptext3                 text3        0807
__ptext4                 text4        17ED
__ptext5                 text5        07BC
__ptext6                 text6        081F
__ptext7                 text7        17DE
__ptext8                 text8        038F
__ptext9                 text9        070A
_flag_r1                 bssBANK1     00A6
_flag_r2                 bssBANK1     00A4
_flag_terminal           bssBANK1     00AF
_flag_w1                 bssBANK1     00AA
_flag_w2                 bssBANK1     00A8
_isr                     text8        038F
_main                    maintext     0B4F
_map                     text9        070A
_mensaje                 dataBANK1    00CE
_modo                    bssBANK1     00AC
_read_EEPROM             text7        17DE
_servo1                  bssBANK1     00B8
_servo11                 bssBANK1     00B4
_servo2                  bssBANK1     00B7
_servo22                 bssBANK1     00B3
_servo3                  bssBANK1     00B6
_servo33                 bssBANK1     00B2
_servo4                  bssBANK1     00B5
_servo44                 bssBANK1     00B1
_set_ADC                 text6        081F
_set_PWM                 text5        07BC
_set_SPI                 text4        17ED
_set_UART                text3        0807
_setup                   text2        0887
_val_terminal            bssBANK1     00B0
_valor_old               bssBANK1     00AE
_write_EEPROM            text1        0860
btemp                    (abs)        007E
clear_ram0               clrtext      17C9
end_of_initialization    cinit        002A
init_fetch0              inittext     07EA
init_ram0                inittext     07EE
interrupt_function       intentry     0004
intlevel0                functab      0000
intlevel1                functab      0000
intlevel2                functab      0000
intlevel3                functab      0000
intlevel4                functab      0000
intlevel5                functab      0000
map@x                    cstackBANK0  006E
map@x0                   cstackBANK1  00BE
map@x1                   cstackBANK1  00BF
map@y0                   cstackBANK1  00C0
map@y1                   cstackBANK1  00C2
read_EEPROM@address      cstackBANK1  00CA
reset_vec                reset_vec    0000
saved_w                  (abs)        007E
start                    init         0010
start_initialization     cinit        0013
write_EEPROM@address     cstackBANK1  00CB
write_EEPROM@data        cstackBANK1  00CA
wtemp0                   (abs)        007E


MODULE INFORMATION

Module		Function		Class		Link	Load	Size
C:\Program Files\Microchip\xc8\v2.35\pic\sources\c90\common\xxtofl.c
		___xxtofl      		CODE           	0650	0000	186

C:\Program Files\Microchip\xc8\v2.35\pic\sources\c90\common\xxtofl.c estimated size: 186

C:\Program Files\Microchip\xc8\v2.35\pic\sources\c90\common\fltol.c
		___fltol       		CODE           	08D6	0000	156

C:\Program Files\Microchip\xc8\v2.35\pic\sources\c90\common\fltol.c estimated size: 156

C:\Program Files\Microchip\xc8\v2.35\pic\sources\c90\common\sprcmul.c
		___flmul       		CODE           	002E	0000	865

C:\Program Files\Microchip\xc8\v2.35\pic\sources\c90\common\sprcmul.c estimated size: 865

C:\Program Files\Microchip\xc8\v2.35\pic\sources\c90\common\sprcdiv.c
		___fldiv       		CODE           	0972	0000	477

C:\Program Files\Microchip\xc8\v2.35\pic\sources\c90\common\sprcdiv.c estimated size: 477

shared
		__initialization		CODE           	0013	0000	23

shared estimated size: 23

C:\Program Files\Microchip\xc8\v2.35\pic\sources\c90\common\Umul8_16.c
		__Umul8_16     		CODE           	0839	0000	39

C:\Program Files\Microchip\xc8\v2.35\pic\sources\c90\common\Umul8_16.c estimated size: 39

main.c
		_set_UART      		CODE           	0807	0000	24
		_map           		CODE           	070A	0000	178
		_set_PWM       		CODE           	07BC	0000	46
		_set_ADC       		CODE           	081F	0000	26
		_main          		CODE           	0B4F	0000	553
		_isr           		CODE           	038F	0000	705
		_set_SPI       		CODE           	17ED	0000	19
		_setup         		CODE           	0887	0000	79
		_read_EEPROM   		CODE           	17DE	0000	15
		_write_EEPROM  		CODE           	0860	0000	39

main.c estimated size: 1684

C:\Program Files\Microchip\xc8\v2.35\pic\sources\c90\common\sprcadd.c
		___fladd       		CODE           	0D78	0000	648

C:\Program Files\Microchip\xc8\v2.35\pic\sources\c90\common\sprcadd.c estimated size: 648

